Microchip MPLAB XC8 Compiler V2.31

Linker command line:

-W-3 --edf=C:\Program Files\Microchip\xc8\v2.31\pic\dat\en_msgs.txt -cn \
  -h+dist/default/production\hdt7_pcbs.X.production.sym \
  --cmf=dist/default/production\hdt7_pcbs.X.production.cmf -z -Q16F887 \
  -oC:\Users\ANDYBO~1\AppData\Local\Temp\s7e4.2 --defsym=__MPLAB_BUILD=1 \
  -Mdist/default/production/hdt7_pcbs.X.production.map -E1 \
  -ver=XC8 Compiler --acfsm=1493 -ASTACK=0110h-016Fh -pstack=STACK \
  -ACODE=00h-07FFhx4 -ASTRCODE=00h-01FFFh -ASTRING=00h-0FFhx32 \
  -ACONST=00h-0FFhx32 -AENTRY=00h-0FFhx32 -ACOMMON=070h-07Fh \
  -ABANK0=020h-06Fh -ABANK1=0A0h-0EFh -ABANK2=0110h-016Fh \
  -ABANK3=0190h-01EFh -ARAM=020h-06Fh,0A0h-0EFh,0110h-016Fh,0190h-01EFh \
  -AABS1=020h-07Fh,0A0h-0EFh,0110h-016Fh,0190h-01EFh -ASFR0=00h-01Fh \
  -ASFR1=080h-09Fh -ASFR2=0100h-010Fh -ASFR3=0180h-018Fh \
  -ACONFIG=02007h-02008h -DCONFIG=2 -AIDLOC=02000h-02003h -DIDLOC=2 \
  -AEEDATA=00h-0FFh/02100h -peeprom_data=EEDATA -DEEDATA=2 -DCODE=2 \
  -DSTRCODE=2 -DSTRING=2 -DCONST=2 -DENTRY=2 \
  -preset_vec=00h,intentry=04h,init,end_init -ppowerup=CODE -pcinit=CODE \
  -pfunctab=ENTRY -k C:\Users\ANDYBO~1\AppData\Local\Temp\s7e4.o \
  dist/default/production\hdt7_pcbs.X.production.o 

Object code version is 3.11

Machine type is 16F887



                Name                               Link     Load   Length Selector   Space Scale
C:\Users\ANDYBO~1\AppData\Local\Temp\s7e4.o
                end_init                              E        E        3        8       0
                reset_vec                             0        0        3        0       0
                config                             2007     2007        2        0       4
dist/default/production\hdt7_pcbs.X.production.o
                cinit                                11       11        E        8       0
                intentry                              4        4        A        8       0
                config                             2007     2007        2        0       4
                text10                              1DE      1DE       87        8       0
                text9                               406      406       1B        8       0
                text8                               265      265       69        8       0
                text7                               32F      32F       5B        8       0
                text6                                1F       1F      1BF        8       0
                text5                               437      437        F        8       0
                text4                               3B9      3B9       2F        8       0
                text3                               421      421       16        8       0
                text2                               38A      38A       2F        8       0
                text1                               2CE      2CE       61        8       0
                maintext                            3E8      3E8       1E        8       0
                cstackBANK0                          3C       3C        F       20       1
                cstackCOMMON                         70       70        9       70       1
                clrtext                             446      446        8        8       0
                bssBANK0                             20       20       1C       20       1
                bssCOMMON                            79       79        1       70       1

TOTAL           Name                               Link     Load   Length     Space
        CLASS   STACK          

        CLASS   CODE           
                end_init                              E        E        3         0
                cinit                                11       11        E         0
                intentry                              4        4        A         0
                reset_vec                             0        0        3         0
                text10                              1DE      1DE       87         0
                text9                               406      406       1B         0
                text8                               265      265       69         0
                text7                               32F      32F       5B         0
                text6                                1F       1F      1BF         0
                text5                               437      437        F         0
                text4                               3B9      3B9       2F         0
                text3                               421      421       16         0
                text2                               38A      38A       2F         0
                text1                               2CE      2CE       61         0
                maintext                            3E8      3E8       1E         0
                clrtext                             446      446        8         0

        CLASS   STRCODE        

        CLASS   STRING         

        CLASS   CONST          

        CLASS   ENTRY          

        CLASS   COMMON         
                cstackCOMMON                         70       70        9         1
                bssCOMMON                            79       79        1         1

        CLASS   BANK0          
                cstackBANK0                          3C       3C        F         1
                bssBANK0                             20       20       1C         1

        CLASS   BANK1          

        CLASS   BANK2          

        CLASS   BANK3          

        CLASS   RAM            

        CLASS   ABS1           
                abs_s1                               7E       7E        2         1

        CLASS   SFR0           

        CLASS   SFR1           

        CLASS   SFR2           

        CLASS   SFR3           

        CLASS   CONFIG         
                config                             2007     2007        2         4

        CLASS   IDLOC          

        CLASS   EEDATA         



SEGMENTS        Name                           Load    Length   Top    Selector   Space  Class     Delta

                reset_vec                      000000  000003  000003         0       0  CODE        2
                intentry                       000004  00044A  00044E         8       0  CODE        2
                bssBANK0                       000020  00002B  00004B        20       1  BANK0       1
                cstackCOMMON                   000070  00000A  00007A        70       1  COMMON      1


UNUSED ADDRESS RANGES

        Name                Unused          Largest block    Delta
        BANK0            004B-006F             25           1
        BANK1            00A0-00EF             50           1
        BANK2            0110-016F             60           1
        BANK3            0190-01EF             60           1
        CODE             0003-0003              1           2
                         044E-1FFF            800
        COMMON           007A-007D              4           1
        CONST            0003-0003              1           2
                         044E-1FFF            100
        EEDATA           2100-21FF            100           2
        ENTRY            0003-0003              1           2
                         044E-1FFF            100
        IDLOC            2000-2003              4           2
        RAM              004B-006F             25           1
                         00A0-00EF             50
                         0110-016F             60
                         0190-01EF             60
        SFR0             0000-001F             20           1
        SFR1             0080-009F             20           1
        SFR2             0100-010F             10           1
        SFR3             0180-018F             10           1
        STACK            0110-016F             60           1
        STRCODE          0003-0003              1           2
                         044E-1FFF           1BB2
        STRING           0003-0003              1           2
                         044E-1FFF            100

                                  Symbol Table

?___awdiv                cstackCOMMON 0074
?___awmod                cstackBANK0  0040
_ADCON0bits              (abs)        001F
_ADCON1bits              (abs)        009F
_ADC_config              text5        0437
_ADRESH                  (abs)        001E
_ANSEL                   (abs)        0188
_ANSELH                  (abs)        0189
_ANSELbits               (abs)        0188
_BAUDCTLbits             (abs)        0187
_INTCONbits              (abs)        000B
_OSCCONbits              (abs)        008F
_PIE1bits                (abs)        008C
_PIR1bits                (abs)        000C
_PORTA                   (abs)        0005
_PORTC                   (abs)        0007
_RCSTAbits               (abs)        0018
_SPBRG                   (abs)        0099
_SPBRGH                  (abs)        009A
_TRISAbits               (abs)        0085
_TRISCbits               (abs)        0087
_TXREG                   (abs)        0019
_TXSTAbits               (abs)        0098
__Habs1                  abs1         0000
__Hbank0                 bank0        0000
__Hbank1                 bank1        0000
__Hbank2                 bank2        0000
__Hbank3                 bank3        0000
__HbssBANK0              bssBANK0     0000
__HbssCOMMON             bssCOMMON    0000
__Hcinit                 cinit        001F
__Hclrtext               clrtext      0000
__Hcode                  code         0000
__Hcommon                common       0000
__Hconfig                config       2009
__HcstackBANK0           cstackBANK0  0000
__HcstackCOMMON          cstackCOMMON 0000
__Heeprom_data           eeprom_data  0000
__Hend_init              end_init     0011
__Hfunctab               functab      0000
__Hinit                  init         000E
__Hintentry              intentry     000E
__Hmaintext              maintext     0000
__Hpowerup               powerup      0000
__Hram                   ram          0000
__Hreset_vec             reset_vec    0003
__Hsfr0                  sfr0         0000
__Hsfr1                  sfr1         0000
__Hsfr2                  sfr2         0000
__Hsfr3                  sfr3         0000
__Hspace_0               (abs)        044E
__Hspace_1               (abs)        007A
__Hspace_2               (abs)        0000
__Hspace_3               (abs)        0000
__Hspace_4               (abs)        4010
__Hstack                 stack        0000
__Hstrings               strings      0000
__Htext                  text         0000
__Labs1                  abs1         0000
__Lbank0                 bank0        0000
__Lbank1                 bank1        0000
__Lbank2                 bank2        0000
__Lbank3                 bank3        0000
__LbssBANK0              bssBANK0     0000
__LbssCOMMON             bssCOMMON    0000
__Lcinit                 cinit        0011
__Lclrtext               clrtext      0000
__Lcode                  code         0000
__Lcommon                common       0000
__Lconfig                config       0000
__LcstackBANK0           cstackBANK0  0000
__LcstackCOMMON          cstackCOMMON 0000
__Leeprom_data           eeprom_data  0000
__Lend_init              end_init     000E
__Lfunctab               functab      0000
__Linit                  init         000E
__Lintentry              intentry     0004
__Lmaintext              maintext     0000
__Lpowerup               powerup      0000
__Lram                   ram          0000
__Lreset_vec             reset_vec    0000
__Lsfr0                  sfr0         0000
__Lsfr1                  sfr1         0000
__Lsfr2                  sfr2         0000
__Lsfr3                  sfr3         0000
__Lspace_0               (abs)        0000
__Lspace_1               (abs)        0000
__Lspace_2               (abs)        0000
__Lspace_3               (abs)        0000
__Lspace_4               (abs)        0000
__Lstack                 stack        0000
__Lstrings               strings      0000
__Ltext                  text         0000
__S0                     (abs)        044E
__S1                     (abs)        007A
__S2                     (abs)        0000
__S3                     (abs)        0000
___awdiv                 text8        0265
___awdiv@counter         cstackBANK0  003C
___awdiv@dividend        cstackCOMMON 0076
___awdiv@divisor         cstackCOMMON 0074
___awdiv@quotient        cstackBANK0  003E
___awdiv@sign            cstackBANK0  003D
___awmod                 text7        032F
___awmod@counter         cstackBANK0  0045
___awmod@dividend        cstackBANK0  0042
___awmod@divisor         cstackBANK0  0040
___awmod@sign            cstackBANK0  0046
___int_sp                stack        0000
___latbits               (abs)        0002
___sp                    stack        0000
___stackhi               (abs)        0000
___stacklo               (abs)        0000
__end_of_ADC_config      text5        0446
__end_of___awdiv         text8        02CE
__end_of___awmod         text7        038A
__end_of__initialization cinit        001B
__end_of_isr             text9        0421
__end_of_main            maintext     0406
__end_of_mandar_datos    text10       0265
__end_of_mapeos          text6        01DE
__end_of_osc_config      text4        03E8
__end_of_setup           text2        03B9
__end_of_toggle_adc      text1        032F
__end_of_uart_config     text3        0437
__initialization         cinit        0011
__pbssBANK0              bssBANK0     0020
__pbssCOMMON             bssCOMMON    0079
__pcstackBANK0           cstackBANK0  003C
__pcstackCOMMON          cstackCOMMON 0070
__pintentry              intentry     0004
__pmaintext              maintext     03E8
__ptext1                 text1        02CE
__ptext10                text10       01DE
__ptext2                 text2        038A
__ptext3                 text3        0421
__ptext4                 text4        03B9
__ptext5                 text5        0437
__ptext6                 text6        001F
__ptext7                 text7        032F
__ptext8                 text8        0265
__ptext9                 text9        0406
__size_of_ADC_config     (abs)        0000
__size_of___awdiv        (abs)        0000
__size_of___awmod        (abs)        0000
__size_of_isr            (abs)        0000
__size_of_main           (abs)        0000
__size_of_mandar_datos   (abs)        0000
__size_of_mapeos         (abs)        0000
__size_of_osc_config     (abs)        0000
__size_of_setup          (abs)        0000
__size_of_toggle_adc     (abs)        0000
__size_of_uart_config    (abs)        0000
_conversion1             bssBANK0     003B
_conversion2             bssBANK0     003A
_conversion3             bssBANK0     0039
_conversion4             bssBANK0     0038
_cuenta_uart             bssCOMMON    0079
_isr                     text9        0406
_main                    maintext     03E8
_mandar_datos            text10       01DE
_map_cen_pot1            bssBANK0     0037
_map_cen_pot2            bssBANK0     0034
_map_cen_pot3            bssBANK0     0031
_map_cen_pot4            bssBANK0     002E
_map_dec_pot1            bssBANK0     0036
_map_dec_pot2            bssBANK0     0033
_map_dec_pot3            bssBANK0     0030
_map_dec_pot4            bssBANK0     002D
_map_un_pot1             bssBANK0     0035
_map_un_pot2             bssBANK0     0032
_map_un_pot3             bssBANK0     002F
_map_un_pot4             bssBANK0     002C
_mapeos                  text6        001F
_osc_config              text4        03B9
_setup                   text2        038A
_toggle_adc              text1        02CE
_uart_cen_pot1           bssBANK0     002B
_uart_cen_pot2           bssBANK0     0028
_uart_cen_pot3           bssBANK0     0025
_uart_cen_pot4           bssBANK0     0022
_uart_config             text3        0421
_uart_dec_pot1           bssBANK0     002A
_uart_dec_pot2           bssBANK0     0027
_uart_dec_pot3           bssBANK0     0024
_uart_dec_pot4           bssBANK0     0021
_uart_un_pot1            bssBANK0     0029
_uart_un_pot2            bssBANK0     0026
_uart_un_pot3            bssBANK0     0023
_uart_un_pot4            bssBANK0     0020
btemp                    (abs)        007E
clear_ram0               clrtext      0446
end_of_initialization    cinit        001B
interrupt_function       intentry     0004
intlevel0                functab      0000
intlevel1                functab      0000
intlevel2                functab      0000
intlevel3                functab      0000
intlevel4                functab      0000
intlevel5                functab      0000
osc_config@freq          cstackCOMMON 0074
reset_vec                reset_vec    0000
saved_w                  (abs)        007E
start                    init         000E
start_initialization     cinit        0011
wtemp0                   (abs)        007E


FUNCTION INFORMATION:

 *************** function _main *****************
 Defined at:
		line 82 in file "C:/Users/Andy Bonilla/Documents/GitHub/PCBs/hdt7_pcbs/hdt7_pcbs.X/main_hdt7.c"
 Parameters:    Size  Location     Type
		None
 Auto vars:     Size  Location     Type
		None
 Return value:  Size  Location     Type
                  1    wreg      void 
 Registers used:
		wreg, fsr0l, fsr0h, status,2, status,0, pclath, cstack
 Tracked objects:
		On entry : 
		On exit  : 
		Unchanged: 
 Data sizes:     COMMON   BANK0   BANK1   BANK3   BANK2
      Params:         0       0       0       0       0
      Locals:         0       0       0       0       0
      Temps:          0       1       0       0       0
      Totals:         0       1       0       0       0
Total ram usage:        1 bytes
 Hardware stack levels required when called:    4
 This function calls:
		_mapeos
		_setup
		_toggle_adc
 This function is called by:
		Startup code after reset
 This function uses a non-reentrant model


 *************** function _toggle_adc *****************
 Defined at:
		line 136 in file "C:/Users/Andy Bonilla/Documents/GitHub/PCBs/hdt7_pcbs/hdt7_pcbs.X/main_hdt7.c"
 Parameters:    Size  Location     Type
		None
 Auto vars:     Size  Location     Type
		None
 Return value:  Size  Location     Type
                  1    wreg      void 
 Registers used:
		wreg, fsr0l, fsr0h, status,2, status,0
 Tracked objects:
		On entry : 
		On exit  : 
		Unchanged: 
 Data sizes:     COMMON   BANK0   BANK1   BANK3   BANK2
      Params:         0       0       0       0       0
      Locals:         0       0       0       0       0
      Temps:          1       0       0       0       0
      Totals:         1       0       0       0       0
Total ram usage:        1 bytes
 Hardware stack levels used:    1
 Hardware stack levels required when called:    2
 This function calls:
		Nothing
 This function is called by:
		_main
 This function uses a non-reentrant model


 *************** function _setup *****************
 Defined at:
		line 99 in file "C:/Users/Andy Bonilla/Documents/GitHub/PCBs/hdt7_pcbs/hdt7_pcbs.X/main_hdt7.c"
 Parameters:    Size  Location     Type
		None
 Auto vars:     Size  Location     Type
		None
 Return value:  Size  Location     Type
                  1    wreg      void 
 Registers used:
		wreg, fsr0l, fsr0h, status,2, status,0, pclath, cstack
 Tracked objects:
		On entry : 
		On exit  : 
		Unchanged: 
 Data sizes:     COMMON   BANK0   BANK1   BANK3   BANK2
      Params:         0       0       0       0       0
      Locals:         0       0       0       0       0
      Temps:          0       0       0       0       0
      Totals:         0       0       0       0       0
Total ram usage:        0 bytes
 Hardware stack levels used:    1
 Hardware stack levels required when called:    3
 This function calls:
		_ADC_config
		_osc_config
		_uart_config
 This function is called by:
		_main
 This function uses a non-reentrant model


 *************** function _uart_config *****************
 Defined at:
		line 21 in file "C:/Users/Andy Bonilla/Documents/GitHub/PCBs/hdt7_pcbs/hdt7_pcbs.X/UART_CONFIG.c"
 Parameters:    Size  Location     Type
		None
 Auto vars:     Size  Location     Type
		None
 Return value:  Size  Location     Type
                  1    wreg      void 
 Registers used:
		wreg, status,2
 Tracked objects:
		On entry : 
		On exit  : 
		Unchanged: 
 Data sizes:     COMMON   BANK0   BANK1   BANK3   BANK2
      Params:         0       0       0       0       0
      Locals:         0       0       0       0       0
      Temps:          0       0       0       0       0
      Totals:         0       0       0       0       0
Total ram usage:        0 bytes
 Hardware stack levels used:    1
 Hardware stack levels required when called:    2
 This function calls:
		Nothing
 This function is called by:
		_setup
 This function uses a non-reentrant model


 *************** function _osc_config *****************
 Defined at:
		line 16 in file "C:/Users/Andy Bonilla/Documents/GitHub/PCBs/hdt7_pcbs/hdt7_pcbs.X/Osc_config.c"
 Parameters:    Size  Location     Type
  freq            1    wreg     unsigned char 
 Auto vars:     Size  Location     Type
  freq            1    4[COMMON] unsigned char 
 Return value:  Size  Location     Type
                  1    wreg      void 
 Registers used:
		wreg, fsr0l, fsr0h, status,2, status,0
 Tracked objects:
		On entry : 
		On exit  : 
		Unchanged: 
 Data sizes:     COMMON   BANK0   BANK1   BANK3   BANK2
      Params:         0       0       0       0       0
      Locals:         1       0       0       0       0
      Temps:          0       0       0       0       0
      Totals:         1       0       0       0       0
Total ram usage:        1 bytes
 Hardware stack levels used:    1
 Hardware stack levels required when called:    2
 This function calls:
		Nothing
 This function is called by:
		_setup
 This function uses a non-reentrant model


 *************** function _ADC_config *****************
 Defined at:
		line 22 in file "C:/Users/Andy Bonilla/Documents/GitHub/PCBs/hdt7_pcbs/hdt7_pcbs.X/ADC_CONFIG.c"
 Parameters:    Size  Location     Type
		None
 Auto vars:     Size  Location     Type
		None
 Return value:  Size  Location     Type
                  1    wreg      void 
 Registers used:
		wreg, status,2, status,0
 Tracked objects:
		On entry : 
		On exit  : 
		Unchanged: 
 Data sizes:     COMMON   BANK0   BANK1   BANK3   BANK2
      Params:         0       0       0       0       0
      Locals:         0       0       0       0       0
      Temps:          0       0       0       0       0
      Totals:         0       0       0       0       0
Total ram usage:        0 bytes
 Hardware stack levels used:    1
 Hardware stack levels required when called:    2
 This function calls:
		Nothing
 This function is called by:
		_setup
 This function uses a non-reentrant model


 *************** function _mapeos *****************
 Defined at:
		line 237 in file "C:/Users/Andy Bonilla/Documents/GitHub/PCBs/hdt7_pcbs/hdt7_pcbs.X/main_hdt7.c"
 Parameters:    Size  Location     Type
		None
 Auto vars:     Size  Location     Type
		None
 Return value:  Size  Location     Type
                  1    wreg      void 
 Registers used:
		wreg, status,2, status,0, pclath, cstack
 Tracked objects:
		On entry : 
		On exit  : 
		Unchanged: 
 Data sizes:     COMMON   BANK0   BANK1   BANK3   BANK2
      Params:         0       0       0       0       0
      Locals:         0       0       0       0       0
      Temps:          0       3       0       0       0
      Totals:         0       3       0       0       0
Total ram usage:        3 bytes
 Hardware stack levels used:    1
 Hardware stack levels required when called:    3
 This function calls:
		___awdiv
		___awmod
 This function is called by:
		_main
 This function uses a non-reentrant model


 *************** function ___awmod *****************
 Defined at:
		line 5 in file "C:\Program Files\Microchip\xc8\v2.31\pic\sources\c90\common\awmod.c"
 Parameters:    Size  Location     Type
  divisor         2    4[BANK0 ] int 
  dividend        2    6[BANK0 ] int 
 Auto vars:     Size  Location     Type
  sign            1   10[BANK0 ] unsigned char 
  counter         1    9[BANK0 ] unsigned char 
 Return value:  Size  Location     Type
                  2    4[BANK0 ] int 
 Registers used:
		wreg, status,2, status,0
 Tracked objects:
		On entry : 
		On exit  : 
		Unchanged: 
 Data sizes:     COMMON   BANK0   BANK1   BANK3   BANK2
      Params:         0       4       0       0       0
      Locals:         0       2       0       0       0
      Temps:          0       1       0       0       0
      Totals:         0       7       0       0       0
Total ram usage:        7 bytes
 Hardware stack levels used:    1
 Hardware stack levels required when called:    2
 This function calls:
		Nothing
 This function is called by:
		_mapeos
 This function uses a non-reentrant model


 *************** function ___awdiv *****************
 Defined at:
		line 5 in file "C:\Program Files\Microchip\xc8\v2.31\pic\sources\c90\common\awdiv.c"
 Parameters:    Size  Location     Type
  divisor         2    4[COMMON] int 
  dividend        2    6[COMMON] int 
 Auto vars:     Size  Location     Type
  quotient        2    2[BANK0 ] int 
  sign            1    1[BANK0 ] unsigned char 
  counter         1    0[BANK0 ] unsigned char 
 Return value:  Size  Location     Type
                  2    4[COMMON] int 
 Registers used:
		wreg, status,2, status,0
 Tracked objects:
		On entry : 
		On exit  : 
		Unchanged: 
 Data sizes:     COMMON   BANK0   BANK1   BANK3   BANK2
      Params:         4       0       0       0       0
      Locals:         0       4       0       0       0
      Temps:          1       0       0       0       0
      Totals:         5       4       0       0       0
Total ram usage:        9 bytes
 Hardware stack levels used:    1
 Hardware stack levels required when called:    2
 This function calls:
		Nothing
 This function is called by:
		_mapeos
 This function uses a non-reentrant model


 *************** function _isr *****************
 Defined at:
		line 70 in file "C:/Users/Andy Bonilla/Documents/GitHub/PCBs/hdt7_pcbs/hdt7_pcbs.X/main_hdt7.c"
 Parameters:    Size  Location     Type
		None
 Auto vars:     Size  Location     Type
		None
 Return value:  Size  Location     Type
                  1    wreg      void 
 Registers used:
		wreg, fsr0l, fsr0h, status,2, status,0, pclath, cstack
 Tracked objects:
		On entry : 
		On exit  : 
		Unchanged: 
 Data sizes:     COMMON   BANK0   BANK1   BANK3   BANK2
      Params:         0       0       0       0       0
      Locals:         0       0       0       0       0
      Temps:          4       0       0       0       0
      Totals:         4       0       0       0       0
Total ram usage:        4 bytes
 Hardware stack levels used:    1
 Hardware stack levels required when called:    1
 This function calls:
		_mandar_datos
 This function is called by:
		Interrupt level 1
 This function uses a non-reentrant model


 *************** function _mandar_datos *****************
 Defined at:
		line 172 in file "C:/Users/Andy Bonilla/Documents/GitHub/PCBs/hdt7_pcbs/hdt7_pcbs.X/main_hdt7.c"
 Parameters:    Size  Location     Type
		None
 Auto vars:     Size  Location     Type
		None
 Return value:  Size  Location     Type
                  1    wreg      void 
 Registers used:
		wreg, fsr0l, fsr0h, status,2, status,0
 Tracked objects:
		On entry : 
		On exit  : 
		Unchanged: 
 Data sizes:     COMMON   BANK0   BANK1   BANK3   BANK2
      Params:         0       0       0       0       0
      Locals:         0       0       0       0       0
      Temps:          0       0       0       0       0
      Totals:         0       0       0       0       0
Total ram usage:        0 bytes
 Hardware stack levels used:    1
 This function calls:
		Nothing
 This function is called by:
		_isr
 This function uses a non-reentrant model



MODULE INFORMATION

Module		Function		Class		Link	Load	Size
C:/Users/Andy Bonilla/Documents/GitHub/PCBs/hdt7_pcbs/hdt7_pcbs.X/Osc_config.c
		_osc_config    		CODE           	03B9	0000	47

C:/Users/Andy Bonilla/Documents/GitHub/PCBs/hdt7_pcbs/hdt7_pcbs.X/Osc_config.c estimated size: 47

C:\Program Files\Microchip\xc8\v2.31\pic\sources\c90\common\awmod.c
		___awmod       		CODE           	032F	0000	91

C:\Program Files\Microchip\xc8\v2.31\pic\sources\c90\common\awmod.c estimated size: 91

C:/Users/Andy Bonilla/Documents/GitHub/PCBs/hdt7_pcbs/hdt7_pcbs.X/main_hdt7.c
		_main          		CODE           	03E8	0000	30
		_mapeos        		CODE           	001F	0000	447
		_isr           		CODE           	0406	0000	27
		_toggle_adc    		CODE           	02CE	0000	97
		_setup         		CODE           	038A	0000	47
		_mandar_datos  		CODE           	01DE	0000	135

C:/Users/Andy Bonilla/Documents/GitHub/PCBs/hdt7_pcbs/hdt7_pcbs.X/main_hdt7.c estimated size: 783

C:\Program Files\Microchip\xc8\v2.31\pic\sources\c90\common\awdiv.c
		___awdiv       		CODE           	0265	0000	105

C:\Program Files\Microchip\xc8\v2.31\pic\sources\c90\common\awdiv.c estimated size: 105

shared
		__initialization		CODE           	0011	0000	10

shared estimated size: 10

C:/Users/Andy Bonilla/Documents/GitHub/PCBs/hdt7_pcbs/hdt7_pcbs.X/UART_CONFIG.c
		_uart_config   		CODE           	0421	0000	22

C:/Users/Andy Bonilla/Documents/GitHub/PCBs/hdt7_pcbs/hdt7_pcbs.X/UART_CONFIG.c estimated size: 22

C:/Users/Andy Bonilla/Documents/GitHub/PCBs/hdt7_pcbs/hdt7_pcbs.X/ADC_CONFIG.c
		_ADC_config    		CODE           	0437	0000	15

C:/Users/Andy Bonilla/Documents/GitHub/PCBs/hdt7_pcbs/hdt7_pcbs.X/ADC_CONFIG.c estimated size: 15

